Component: ARM Compiler 5.05 update 2 (build 169) Tool: armlink [4d0f33]

==============================================================================

Section Cross References

    lab4.o(RESET) refers to lab4.o(MYCODE) for Reset_Handler


==============================================================================

Image Symbol Table

    Local Symbols

    Symbol Name                              Value     Ov Type        Size  Object(Section)

    lab4.s                                   0x00000000   Number         0  lab4.o ABSOLUTE
    RESET                                    0x08000000   Section        8  lab4.o(RESET)
    MYCODE                                   0x08000008   Section      216  lab4.o(MYCODE)
    sort                                     0x08000021   Thumb Code     2  lab4.o(MYCODE)
    byte_copy                                0x08000025   Thumb Code    30  lab4.o(MYCODE)

    Global Symbols

    Symbol Name                              Value     Ov Type        Size  Object(Section)

    BuildAttributes$$THM_ISAv4$P$D$K$B$S$PE$A:L22UL41UL21$X:L11$S22US41US21$IEEE1$IW$USESV6$~STKCKD$USESV7$~SHL$OSPACE$EBA8$STANDARDLIB$PRES8$EABIv2 0x00000000   Number         0  anon$$obj.o ABSOLUTE
    __Vectors                                0x08000000   Data           0  lab4.o(RESET)
    Reset_Handler                            0x08000009   Thumb Code    10  lab4.o(MYCODE)



==============================================================================

Memory Map of the image

  Image Entry point : 0x08000009

  Load Region LR_IROM1 (Base: 0x08000000, Size: 0x000000e0, Max: 0x00020000, ABSOLUTE)

    Execution Region ER_IROM1 (Base: 0x08000000, Size: 0x000000e0, Max: 0x00020000, ABSOLUTE)

    Base Addr    Size         Type   Attr      Idx    E Section Name        Object

    0x08000000   0x00000008   Data   RO            1    RESET               lab4.o
    0x08000008   0x000000d8   Code   RO            2  * MYCODE              lab4.o


    Execution Region RW_IRAM1 (Base: 0x20000000, Size: 0x00000000, Max: 0x00002000, ABSOLUTE)

    **** No section assigned to this execution region ****


==============================================================================

Image component sizes


      Code (inc. data)   RO Data    RW Data    ZI Data      Debug   Object Name

       216         24          8          0          0        532   lab4.o

    ----------------------------------------------------------------------
       216         24          8          0          0        532   Object Totals
         0          0          0          0          0          0   (incl. Generated)
         0          0          0          0          0          0   (incl. Padding)

    ----------------------------------------------------------------------
         0          0          0          0          0          0   Library Totals
         0          0          0          0          0          0   (incl. Padding)

    ----------------------------------------------------------------------

==============================================================================


      Code (inc. data)   RO Data    RW Data    ZI Data      Debug   

       216         24          8          0          0        532   Grand Totals
       216         24          8          0          0        532   ELF Image Totals
       216         24          8          0          0          0   ROM Totals

==============================================================================

    Total RO  Size (Code + RO Data)                  224 (   0.22kB)
    Total RW  Size (RW Data + ZI Data)                 0 (   0.00kB)
    Total ROM Size (Code + RO Data + RW Data)        224 (   0.22kB)

==============================================================================

